******************************************************************************
            TI ARM Clang Linker PC v4.0.3                      
******************************************************************************
>> Linked Thu Sep 17 16:38:39 2026

OUTPUT FILE NAME:   <Btn_State.out>
ENTRY POINT SYMBOL: "_c_int00_noargs"  address: 00000419


MEMORY CONFIGURATION

         name            origin    length      used     unused   attr    fill
----------------------  --------  ---------  --------  --------  ----  --------
  FLASH                 00000000   00020000  000004f0  0001fb10  R  X
  SRAM                  20200000   00008000  0000021e  00007de2  RW X
  BCR_CONFIG            41c00000   000000ff  00000000  000000ff  R   
  BSL_CONFIG            41c00100   00000080  00000000  00000080  R   


SEGMENT ALLOCATION MAP

run origin  load origin   length   init length attrs members
----------  ----------- ---------- ----------- ----- -------
00000000    00000000    000004f0   000004f0    r-x
  00000000    00000000    000000c0   000000c0    r-- .intvecs
  000000c0    000000c0    000003f0   000003f0    r-x .text
  000004b0    000004b0    00000010   00000010    r-- .rodata
  000004c0    000004c0    00000030   00000030    r-- .cinit
20200000    20200000    00000021   00000000    rw-
  20200000    20200000    00000011   00000000    rw- .data
  20200014    20200014    0000000d   00000000    rw- .bss
20207e00    20207e00    00000200   00000000    rw-
  20207e00    20207e00    00000200   00000000    rw- .stack


SECTION ALLOCATION MAP

 output                                  attributes/
section   page    origin      length       input sections
--------  ----  ----------  ----------   ----------------
.intvecs   0    00000000    000000c0     
                  00000000    000000c0     startup_mspm0g350x_ticlang.o (.intvecs)

.text      0    000000c0    000003f0     
                  000000c0    00000100     main.o (.text.Btn_state)
                  000001c0    0000009a     libc.a : memcpy16.S.obj (.text:memcpy)
                  0000025a    00000002     startup_mspm0g350x_ticlang.o (.text.Default_Handler)
                  0000025c    00000098     main.o (.text.main)
                  000002f4    0000007c     libc.a : copy_decompress_lzss.c.obj (.text:decompress:lzss)
                  00000370    00000040     ti_msp_dl_config.o (.text.SYSCFG_DL_SYSCTL_init)
                  000003b0    0000003c     libc.a : autoinit.c.obj (.text:__TI_auto_init_nobinit_nopinit)
                  000003ec    0000002c     ti_msp_dl_config.o (.text.SYSCFG_DL_initPower)
                  00000418    00000028     libc.a : boot_cortex_m.c.obj (.text:_c_int00_noargs)
                  00000440    00000016            : copy_zero_init.c.obj (.text:decompress:ZI:__TI_zero_init_nomemset)
                  00000456    00000012            : copy_decompress_none.c.obj (.text:decompress:none)
                  00000468    00000010     ti_msp_dl_config.o (.text.SYSCFG_DL_init)
                  00000478    00000010     main.o (.text.SysTick_Handler)
                  00000488    0000000a     driverlib.a : dl_common.o (.text.DL_Common_delayCycles)
                  00000492    00000002     ti_msp_dl_config.o (.text.SYSCFG_DL_GPIO_init)
                  00000494    00000008     libclang_rt.builtins.a : aeabi_memcpy.S.obj (.text.__aeabi_memcpy)
                  0000049c    00000006     libc.a : exit.c.obj (.text:abort)
                  000004a2    00000004     libsysbm.a : hostexit.c.obj (.text.HOSTexit)
                  000004a6    00000004     startup_mspm0g350x_ticlang.o (.text.Reset_Handler)
                  000004aa    00000004     libc.a : pre_init.c.obj (.text._system_pre_init)
                  000004ae    00000002     --HOLE-- [fill = 0]

.cinit     0    000004c0    00000030     
                  000004c0    0000000c     (__TI_handler_table)
                  000004cc    00000008     (.cinit..bss.load) [load image, compression = zero_init]
                  000004d4    00000007     (.cinit..data.load) [load image, compression = lzss]
                  000004db    00000001     --HOLE-- [fill = 0]
                  000004dc    00000010     (__TI_cinit_table)
                  000004ec    00000004     --HOLE-- [fill = 0]

.rodata    0    000004b0    00000010     
                  000004b0    0000000c     main.o (.rodata..Lswitch.table.main)
                  000004bc    00000004     --HOLE-- [fill = 0]

.init_array 
*          0    00000000    00000000     UNINITIALIZED

.binit     0    00000000    00000000     

.data      0    20200000    00000011     UNINITIALIZED
                  20200000    00000004     main.o (.data.Btn_state.press_start_time)
                  20200004    00000004     main.o (.data.erace_Bounce.change_time)
                  20200008    00000004     main.o (.data.system_ms)
                  2020000c    00000001     main.o (.data.Btn_state.pre_press)
                  2020000d    00000001     main.o (.data.Btn_state.pressing)
                  2020000e    00000001     main.o (.data.erace_Bounce.last_press)
                  2020000f    00000001     main.o (.data.erace_Bounce.pressed)
                  20200010    00000001     main.o (.data.pressed)

.bss       0    20200014    0000000d     UNINITIALIZED
                  20200014    00000004     (.common:lllong)
                  20200018    00000004     (.common:nnone)
                  2020001c    00000004     (.common:ssshort)
                  20200020    00000001     (.common:event)

.stack     0    20207e00    00000200     UNINITIALIZED
                  20207e00    00000004     libc.a : boot_cortex_m.c.obj (.stack)
                  20207e04    000001fc     --HOLE--

__llvm_prf_cnts 
*          0    20200000    00000000     UNINITIALIZED

__llvm_prf_bits 
*          0    20200000    00000000     UNINITIALIZED

MODULE SUMMARY

       Module                         code   ro data   rw data
       ------                         ----   -------   -------
    .\
       main.o                         424    12        30     
       startup_mspm0g350x_ticlang.o   6      192       0      
       ti_msp_dl_config.o             126    0         0      
    +--+------------------------------+------+---------+---------+
       Total:                         556    204       30     
                                                              
    C:/TI/mspm0_sdk_2_11_00_07/source/ti/driverlib/lib/ticlang/m0p/mspm0g1x0x_g3x0x/driverlib.a
       dl_common.o                    10     0         0      
    +--+------------------------------+------+---------+---------+
       Total:                         10     0         0      
                                                              
    D:\mps2.0\ccs\tools\compiler\ti-cgt-armllvm_4.0.3.LTS\lib\armv6m-ti-none-eabi/c/libc.a
       memcpy16.S.obj                 154    0         0      
       copy_decompress_lzss.c.obj     124    0         0      
       autoinit.c.obj                 60     0         0      
       boot_cortex_m.c.obj            40     0         0      
       copy_zero_init.c.obj           22     0         0      
       copy_decompress_none.c.obj     18     0         0      
       exit.c.obj                     6      0         0      
       pre_init.c.obj                 4      0         0      
    +--+------------------------------+------+---------+---------+
       Total:                         428    0         0      
                                                              
    D:\mps2.0\ccs\tools\compiler\ti-cgt-armllvm_4.0.3.LTS\lib\armv6m-ti-none-eabi/c/libsysbm.a
       hostexit.c.obj                 4      0         0      
    +--+------------------------------+------+---------+---------+
       Total:                         4      0         0      
                                                              
    D:\mps2.0\ccs\tools\compiler\ti-cgt-armllvm_4.0.3.LTS\lib\armv6m-ti-none-eabi/libclang_rt.builtins.a
       aeabi_memcpy.S.obj             8      0         0      
    +--+------------------------------+------+---------+---------+
       Total:                         8      0         0      
                                                              
       Stack:                         0      0         512    
       Linker Generated:              0      43        0      
    +--+------------------------------+------+---------+---------+
       Grand Total:                   1006   247       542    


LINKER GENERATED COPY TABLES

__TI_cinit_table @ 000004dc records: 2, size/record: 8, table size: 16
	.bss: load addr=000004cc, load size=00000008 bytes, run addr=20200014, run size=0000000d bytes, compression=zero_init
	.data: load addr=000004d4, load size=00000007 bytes, run addr=20200000, run size=00000011 bytes, compression=lzss


LINKER GENERATED HANDLER TABLE

__TI_handler_table @ 000004c0 records: 3, size/record: 4, table size: 12
	index: 0, handler: __TI_decompress_lzss
	index: 1, handler: __TI_decompress_none
	index: 2, handler: __TI_zero_init


GLOBAL SYMBOLS: SORTED ALPHABETICALLY BY Name 

address   name                          
-------   ----                          
0000025b  ADC0_IRQHandler               
0000025b  ADC1_IRQHandler               
0000025b  AES_IRQHandler                
000000c1  Btn_state                     
000004a2  C$$EXIT                       
0000025b  CANFD0_IRQHandler             
0000025b  DAC0_IRQHandler               
00000489  DL_Common_delayCycles         
0000025b  DMA_IRQHandler                
0000025b  Default_Handler               
0000025b  GROUP0_IRQHandler             
0000025b  GROUP1_IRQHandler             
000004a3  HOSTexit                      
0000025b  HardFault_Handler             
0000025b  I2C0_IRQHandler               
0000025b  I2C1_IRQHandler               
0000025b  NMI_Handler                   
0000025b  PendSV_Handler                
0000025b  RTC_IRQHandler                
000004a7  Reset_Handler                 
0000025b  SPI0_IRQHandler               
0000025b  SPI1_IRQHandler               
0000025b  SVC_Handler                   
00000493  SYSCFG_DL_GPIO_init           
00000371  SYSCFG_DL_SYSCTL_init         
00000469  SYSCFG_DL_init                
000003ed  SYSCFG_DL_initPower           
00000479  SysTick_Handler               
0000025b  TIMA0_IRQHandler              
0000025b  TIMA1_IRQHandler              
0000025b  TIMG0_IRQHandler              
0000025b  TIMG12_IRQHandler             
0000025b  TIMG6_IRQHandler              
0000025b  TIMG7_IRQHandler              
0000025b  TIMG8_IRQHandler              
0000025b  UART0_IRQHandler              
0000025b  UART1_IRQHandler              
0000025b  UART2_IRQHandler              
0000025b  UART3_IRQHandler              
20208000  __STACK_END                   
00000200  __STACK_SIZE                  
00000000  __TI_ATRegion0_region_sz      
00000000  __TI_ATRegion0_src_addr       
00000000  __TI_ATRegion0_trg_addr       
00000000  __TI_ATRegion1_region_sz      
00000000  __TI_ATRegion1_src_addr       
00000000  __TI_ATRegion1_trg_addr       
00000000  __TI_ATRegion2_region_sz      
00000000  __TI_ATRegion2_src_addr       
00000000  __TI_ATRegion2_trg_addr       
000004dc  __TI_CINIT_Base               
000004ec  __TI_CINIT_Limit              
000004ec  __TI_CINIT_Warm               
000004c0  __TI_Handler_Table_Base       
000004cc  __TI_Handler_Table_Limit      
000003b1  __TI_auto_init_nobinit_nopinit
000002f5  __TI_decompress_lzss          
00000457  __TI_decompress_none          
ffffffff  __TI_pprof_out_hndl           
ffffffff  __TI_prof_data_size           
ffffffff  __TI_prof_data_start          
00000000  __TI_static_base__            
00000441  __TI_zero_init_nomemset       
00000495  __aeabi_memcpy                
00000495  __aeabi_memcpy4               
00000495  __aeabi_memcpy8               
ffffffff  __binit__                     
UNDEFED   __mpu_init                    
20207e00  __stack                       
20200000  __start___llvm_prf_bits       
20200000  __start___llvm_prf_cnts       
20200000  __stop___llvm_prf_bits        
20200000  __stop___llvm_prf_cnts        
00000419  _c_int00_noargs               
UNDEFED   _system_post_cinit            
000004ab  _system_pre_init              
0000049d  abort                         
ffffffff  binit                         
20200020  event                         
00000000  interruptVectors              
20200014  lllong                        
0000025d  main                          
000001c1  memcpy                        
20200018  nnone                         
20200010  pressed                       
2020001c  ssshort                       
20200008  system_ms                     


GLOBAL SYMBOLS: SORTED BY Symbol Address 

address   name                          
-------   ----                          
00000000  __TI_ATRegion0_region_sz      
00000000  __TI_ATRegion0_src_addr       
00000000  __TI_ATRegion0_trg_addr       
00000000  __TI_ATRegion1_region_sz      
00000000  __TI_ATRegion1_src_addr       
00000000  __TI_ATRegion1_trg_addr       
00000000  __TI_ATRegion2_region_sz      
00000000  __TI_ATRegion2_src_addr       
00000000  __TI_ATRegion2_trg_addr       
00000000  __TI_static_base__            
00000000  interruptVectors              
000000c1  Btn_state                     
000001c1  memcpy                        
00000200  __STACK_SIZE                  
0000025b  ADC0_IRQHandler               
0000025b  ADC1_IRQHandler               
0000025b  AES_IRQHandler                
0000025b  CANFD0_IRQHandler             
0000025b  DAC0_IRQHandler               
0000025b  DMA_IRQHandler                
0000025b  Default_Handler               
0000025b  GROUP0_IRQHandler             
0000025b  GROUP1_IRQHandler             
0000025b  HardFault_Handler             
0000025b  I2C0_IRQHandler               
0000025b  I2C1_IRQHandler               
0000025b  NMI_Handler                   
0000025b  PendSV_Handler                
0000025b  RTC_IRQHandler                
0000025b  SPI0_IRQHandler               
0000025b  SPI1_IRQHandler               
0000025b  SVC_Handler                   
0000025b  TIMA0_IRQHandler              
0000025b  TIMA1_IRQHandler              
0000025b  TIMG0_IRQHandler              
0000025b  TIMG12_IRQHandler             
0000025b  TIMG6_IRQHandler              
0000025b  TIMG7_IRQHandler              
0000025b  TIMG8_IRQHandler              
0000025b  UART0_IRQHandler              
0000025b  UART1_IRQHandler              
0000025b  UART2_IRQHandler              
0000025b  UART3_IRQHandler              
0000025d  main                          
000002f5  __TI_decompress_lzss          
00000371  SYSCFG_DL_SYSCTL_init         
000003b1  __TI_auto_init_nobinit_nopinit
000003ed  SYSCFG_DL_initPower           
00000419  _c_int00_noargs               
00000441  __TI_zero_init_nomemset       
00000457  __TI_decompress_none          
00000469  SYSCFG_DL_init                
00000479  SysTick_Handler               
00000489  DL_Common_delayCycles         
00000493  SYSCFG_DL_GPIO_init           
00000495  __aeabi_memcpy                
00000495  __aeabi_memcpy4               
00000495  __aeabi_memcpy8               
0000049d  abort                         
000004a2  C$$EXIT                       
000004a3  HOSTexit                      
000004a7  Reset_Handler                 
000004ab  _system_pre_init              
000004c0  __TI_Handler_Table_Base       
000004cc  __TI_Handler_Table_Limit      
000004dc  __TI_CINIT_Base               
000004ec  __TI_CINIT_Limit              
000004ec  __TI_CINIT_Warm               
20200000  __start___llvm_prf_bits       
20200000  __start___llvm_prf_cnts       
20200000  __stop___llvm_prf_bits        
20200000  __stop___llvm_prf_cnts        
20200008  system_ms                     
20200010  pressed                       
20200014  lllong                        
20200018  nnone                         
2020001c  ssshort                       
20200020  event                         
20207e00  __stack                       
20208000  __STACK_END                   
ffffffff  __TI_pprof_out_hndl           
ffffffff  __TI_prof_data_size           
ffffffff  __TI_prof_data_start          
ffffffff  __binit__                     
ffffffff  binit                         
UNDEFED   __mpu_init                    
UNDEFED   _system_post_cinit            

[87 symbols]
