******************************************************************************
            TI ARM Clang Linker PC v4.0.3                      
******************************************************************************
>> Linked Tue Sep 15 20:08:48 2026

OUTPUT FILE NAME:   <Btn_State.out>
ENTRY POINT SYMBOL: "_c_int00_noargs"  address: 000003a9


MEMORY CONFIGURATION

         name            origin    length      used     unused   attr    fill
----------------------  --------  ---------  --------  --------  ----  --------
  FLASH                 00000000   00020000  00000448  0001fbb8  R  X
  SRAM                  20200000   00008000  00000217  00007de9  RW X
  BCR_CONFIG            41c00000   000000ff  00000000  000000ff  R   
  BSL_CONFIG            41c00100   00000080  00000000  00000080  R   


SEGMENT ALLOCATION MAP

run origin  load origin   length   init length attrs members
----------  ----------- ---------- ----------- ----- -------
00000000    00000000    00000448   00000448    r-x
  00000000    00000000    000000c0   000000c0    r-- .intvecs
  000000c0    000000c0    00000370   00000370    r-x .text
  00000430    00000430    00000018   00000018    r-- .cinit
20200000    20200000    00000017   00000000    rw-
  20200000    20200000    00000017   00000000    rw- .data
20207e00    20207e00    00000200   00000000    rw-
  20207e00    20207e00    00000200   00000000    rw- .stack


SECTION ALLOCATION MAP

 output                                  attributes/
section   page    origin      length       input sections
--------  ----  ----------  ----------   ----------------
.intvecs   0    00000000    000000c0     
                  00000000    000000c0     startup_mspm0g350x_ticlang.o (.intvecs)

.text      0    000000c0    00000370     
                  000000c0    00000128     main.o (.text.main)
                  000001e8    0000009a     libc.a : memcpy16.S.obj (.text:memcpy)
                  00000282    00000002     startup_mspm0g350x_ticlang.o (.text.Default_Handler)
                  00000284    0000007c     libc.a : copy_decompress_lzss.c.obj (.text:decompress:lzss)
                  00000300    00000040     ti_msp_dl_config.o (.text.SYSCFG_DL_SYSCTL_init)
                  00000340    0000003c     libc.a : autoinit.c.obj (.text:__TI_auto_init_nobinit_nopinit)
                  0000037c    0000002c     ti_msp_dl_config.o (.text.SYSCFG_DL_initPower)
                  000003a8    00000028     libc.a : boot_cortex_m.c.obj (.text:_c_int00_noargs)
                  000003d0    00000012            : copy_decompress_none.c.obj (.text:decompress:none)
                  000003e2    00000010     ti_msp_dl_config.o (.text.SYSCFG_DL_init)
                  000003f2    00000002     ti_msp_dl_config.o (.text.SYSCFG_DL_GPIO_init)
                  000003f4    00000010     main.o (.text.SysTick_Handler)
                  00000404    0000000a     driverlib.a : dl_common.o (.text.DL_Common_delayCycles)
                  0000040e    00000002     --HOLE-- [fill = 0]
                  00000410    00000008     libclang_rt.builtins.a : aeabi_memcpy.S.obj (.text.__aeabi_memcpy)
                  00000418    00000006     libc.a : exit.c.obj (.text:abort)
                  0000041e    00000004     libsysbm.a : hostexit.c.obj (.text.HOSTexit)
                  00000422    00000004     startup_mspm0g350x_ticlang.o (.text.Reset_Handler)
                  00000426    00000004     libc.a : pre_init.c.obj (.text._system_pre_init)
                  0000042a    00000006     --HOLE-- [fill = 0]

.cinit     0    00000430    00000018     
                  00000430    00000008     (.cinit..data.load) [load image, compression = lzss]
                  00000438    00000008     (__TI_handler_table)
                  00000440    00000008     (__TI_cinit_table)

.init_array 
*          0    00000000    00000000     UNINITIALIZED

.binit     0    00000000    00000000     

.data      0    20200000    00000017     UNINITIALIZED
                  20200000    00000004     main.o (.data.cur_t)
                  20200004    00000004     main.o (.data.press_time)
                  20200008    00000004     main.o (.data.pressed_time)
                  2020000c    00000004     main.o (.data.release_time)
                  20200010    00000004     main.o (.data.system_ms)
                  20200014    00000001     main.o (.data.cur_state)
                  20200015    00000001     main.o (.data.pre_state)
                  20200016    00000001     main.o (.data.real_state)

.stack     0    20207e00    00000200     UNINITIALIZED
                  20207e00    00000004     libc.a : boot_cortex_m.c.obj (.stack)
                  20207e04    000001fc     --HOLE--

__llvm_prf_cnts 
*          0    20200000    00000000     UNINITIALIZED

__llvm_prf_bits 
*          0    20200000    00000000     UNINITIALIZED

MODULE SUMMARY

       Module                         code   ro data   rw data
       ------                         ----   -------   -------
    .\
       main.o                         312    0         23     
       startup_mspm0g350x_ticlang.o   6      192       0      
       ti_msp_dl_config.o             126    0         0      
    +--+------------------------------+------+---------+---------+
       Total:                         444    192       23     
                                                              
    C:/TI/mspm0_sdk_2_11_00_07/source/ti/driverlib/lib/ticlang/m0p/mspm0g1x0x_g3x0x/driverlib.a
       dl_common.o                    10     0         0      
    +--+------------------------------+------+---------+---------+
       Total:                         10     0         0      
                                                              
    D:\mps2.0\ccs\tools\compiler\ti-cgt-armllvm_4.0.3.LTS\lib\armv6m-ti-none-eabi/c/libc.a
       memcpy16.S.obj                 154    0         0      
       copy_decompress_lzss.c.obj     124    0         0      
       autoinit.c.obj                 60     0         0      
       boot_cortex_m.c.obj            40     0         0      
       copy_decompress_none.c.obj     18     0         0      
       exit.c.obj                     6      0         0      
       pre_init.c.obj                 4      0         0      
    +--+------------------------------+------+---------+---------+
       Total:                         406    0         0      
                                                              
    D:\mps2.0\ccs\tools\compiler\ti-cgt-armllvm_4.0.3.LTS\lib\armv6m-ti-none-eabi/c/libsysbm.a
       hostexit.c.obj                 4      0         0      
    +--+------------------------------+------+---------+---------+
       Total:                         4      0         0      
                                                              
    D:\mps2.0\ccs\tools\compiler\ti-cgt-armllvm_4.0.3.LTS\lib\armv6m-ti-none-eabi/libclang_rt.builtins.a
       aeabi_memcpy.S.obj             8      0         0      
    +--+------------------------------+------+---------+---------+
       Total:                         8      0         0      
                                                              
       Stack:                         0      0         512    
       Linker Generated:              0      24        0      
    +--+------------------------------+------+---------+---------+
       Grand Total:                   872    216       535    


LINKER GENERATED COPY TABLES

__TI_cinit_table @ 00000440 records: 1, size/record: 8, table size: 8
	.data: load addr=00000430, load size=00000008 bytes, run addr=20200000, run size=00000017 bytes, compression=lzss


LINKER GENERATED HANDLER TABLE

__TI_handler_table @ 00000438 records: 2, size/record: 4, table size: 8
	index: 0, handler: __TI_decompress_lzss
	index: 1, handler: __TI_decompress_none


GLOBAL SYMBOLS: SORTED ALPHABETICALLY BY Name 

address   name                          
-------   ----                          
00000283  ADC0_IRQHandler               
00000283  ADC1_IRQHandler               
00000283  AES_IRQHandler                
0000041e  C$$EXIT                       
00000283  CANFD0_IRQHandler             
00000283  DAC0_IRQHandler               
00000405  DL_Common_delayCycles         
00000283  DMA_IRQHandler                
00000283  Default_Handler               
00000283  GROUP0_IRQHandler             
00000283  GROUP1_IRQHandler             
0000041f  HOSTexit                      
00000283  HardFault_Handler             
00000283  I2C0_IRQHandler               
00000283  I2C1_IRQHandler               
00000283  NMI_Handler                   
00000283  PendSV_Handler                
00000283  RTC_IRQHandler                
00000423  Reset_Handler                 
00000283  SPI0_IRQHandler               
00000283  SPI1_IRQHandler               
00000283  SVC_Handler                   
000003f3  SYSCFG_DL_GPIO_init           
00000301  SYSCFG_DL_SYSCTL_init         
000003e3  SYSCFG_DL_init                
0000037d  SYSCFG_DL_initPower           
000003f5  SysTick_Handler               
00000283  TIMA0_IRQHandler              
00000283  TIMA1_IRQHandler              
00000283  TIMG0_IRQHandler              
00000283  TIMG12_IRQHandler             
00000283  TIMG6_IRQHandler              
00000283  TIMG7_IRQHandler              
00000283  TIMG8_IRQHandler              
00000283  UART0_IRQHandler              
00000283  UART1_IRQHandler              
00000283  UART2_IRQHandler              
00000283  UART3_IRQHandler              
20208000  __STACK_END                   
00000200  __STACK_SIZE                  
00000000  __TI_ATRegion0_region_sz      
00000000  __TI_ATRegion0_src_addr       
00000000  __TI_ATRegion0_trg_addr       
00000000  __TI_ATRegion1_region_sz      
00000000  __TI_ATRegion1_src_addr       
00000000  __TI_ATRegion1_trg_addr       
00000000  __TI_ATRegion2_region_sz      
00000000  __TI_ATRegion2_src_addr       
00000000  __TI_ATRegion2_trg_addr       
00000440  __TI_CINIT_Base               
00000448  __TI_CINIT_Limit              
00000448  __TI_CINIT_Warm               
00000438  __TI_Handler_Table_Base       
00000440  __TI_Handler_Table_Limit      
00000341  __TI_auto_init_nobinit_nopinit
00000285  __TI_decompress_lzss          
000003d1  __TI_decompress_none          
ffffffff  __TI_pprof_out_hndl           
ffffffff  __TI_prof_data_size           
ffffffff  __TI_prof_data_start          
00000000  __TI_static_base__            
00000411  __aeabi_memcpy                
00000411  __aeabi_memcpy4               
00000411  __aeabi_memcpy8               
ffffffff  __binit__                     
UNDEFED   __mpu_init                    
20207e00  __stack                       
20200000  __start___llvm_prf_bits       
20200000  __start___llvm_prf_cnts       
20200000  __stop___llvm_prf_bits        
20200000  __stop___llvm_prf_cnts        
000003a9  _c_int00_noargs               
UNDEFED   _system_post_cinit            
00000427  _system_pre_init              
00000419  abort                         
ffffffff  binit                         
20200014  cur_state                     
20200000  cur_t                         
00000000  interruptVectors              
000000c1  main                          
000001e9  memcpy                        
20200015  pre_state                     
20200004  press_time                    
20200008  pressed_time                  
20200016  real_state                    
2020000c  release_time                  
20200010  system_ms                     


GLOBAL SYMBOLS: SORTED BY Symbol Address 

address   name                          
-------   ----                          
00000000  __TI_ATRegion0_region_sz      
00000000  __TI_ATRegion0_src_addr       
00000000  __TI_ATRegion0_trg_addr       
00000000  __TI_ATRegion1_region_sz      
00000000  __TI_ATRegion1_src_addr       
00000000  __TI_ATRegion1_trg_addr       
00000000  __TI_ATRegion2_region_sz      
00000000  __TI_ATRegion2_src_addr       
00000000  __TI_ATRegion2_trg_addr       
00000000  __TI_static_base__            
00000000  interruptVectors              
000000c1  main                          
000001e9  memcpy                        
00000200  __STACK_SIZE                  
00000283  ADC0_IRQHandler               
00000283  ADC1_IRQHandler               
00000283  AES_IRQHandler                
00000283  CANFD0_IRQHandler             
00000283  DAC0_IRQHandler               
00000283  DMA_IRQHandler                
00000283  Default_Handler               
00000283  GROUP0_IRQHandler             
00000283  GROUP1_IRQHandler             
00000283  HardFault_Handler             
00000283  I2C0_IRQHandler               
00000283  I2C1_IRQHandler               
00000283  NMI_Handler                   
00000283  PendSV_Handler                
00000283  RTC_IRQHandler                
00000283  SPI0_IRQHandler               
00000283  SPI1_IRQHandler               
00000283  SVC_Handler                   
00000283  TIMA0_IRQHandler              
00000283  TIMA1_IRQHandler              
00000283  TIMG0_IRQHandler              
00000283  TIMG12_IRQHandler             
00000283  TIMG6_IRQHandler              
00000283  TIMG7_IRQHandler              
00000283  TIMG8_IRQHandler              
00000283  UART0_IRQHandler              
00000283  UART1_IRQHandler              
00000283  UART2_IRQHandler              
00000283  UART3_IRQHandler              
00000285  __TI_decompress_lzss          
00000301  SYSCFG_DL_SYSCTL_init         
00000341  __TI_auto_init_nobinit_nopinit
0000037d  SYSCFG_DL_initPower           
000003a9  _c_int00_noargs               
000003d1  __TI_decompress_none          
000003e3  SYSCFG_DL_init                
000003f3  SYSCFG_DL_GPIO_init           
000003f5  SysTick_Handler               
00000405  DL_Common_delayCycles         
00000411  __aeabi_memcpy                
00000411  __aeabi_memcpy4               
00000411  __aeabi_memcpy8               
00000419  abort                         
0000041e  C$$EXIT                       
0000041f  HOSTexit                      
00000423  Reset_Handler                 
00000427  _system_pre_init              
00000438  __TI_Handler_Table_Base       
00000440  __TI_CINIT_Base               
00000440  __TI_Handler_Table_Limit      
00000448  __TI_CINIT_Limit              
00000448  __TI_CINIT_Warm               
20200000  __start___llvm_prf_bits       
20200000  __start___llvm_prf_cnts       
20200000  __stop___llvm_prf_bits        
20200000  __stop___llvm_prf_cnts        
20200000  cur_t                         
20200004  press_time                    
20200008  pressed_time                  
2020000c  release_time                  
20200010  system_ms                     
20200014  cur_state                     
20200015  pre_state                     
20200016  real_state                    
20207e00  __stack                       
20208000  __STACK_END                   
ffffffff  __TI_pprof_out_hndl           
ffffffff  __TI_prof_data_size           
ffffffff  __TI_prof_data_start          
ffffffff  __binit__                     
ffffffff  binit                         
UNDEFED   __mpu_init                    
UNDEFED   _system_post_cinit            

[87 symbols]
