******************************************************************************
            TI ARM Clang Linker PC v4.0.3                      
******************************************************************************
>> Linked Tue Sep 15 21:55:26 2026

OUTPUT FILE NAME:   <Btn_State.out>
ENTRY POINT SYMBOL: "_c_int00_noargs"  address: 0000034d


MEMORY CONFIGURATION

         name            origin    length      used     unused   attr    fill
----------------------  --------  ---------  --------  --------  ----  --------
  FLASH                 00000000   00020000  000003e8  0001fc18  R  X
  SRAM                  20200000   00008000  0000020a  00007df6  RW X
  BCR_CONFIG            41c00000   000000ff  00000000  000000ff  R   
  BSL_CONFIG            41c00100   00000080  00000000  00000080  R   


SEGMENT ALLOCATION MAP

run origin  load origin   length   init length attrs members
----------  ----------- ---------- ----------- ----- -------
00000000    00000000    000003e8   000003e8    r-x
  00000000    00000000    000000c0   000000c0    r-- .intvecs
  000000c0    000000c0    00000310   00000310    r-x .text
  000003d0    000003d0    00000018   00000018    r-- .cinit
20200000    20200000    0000000a   00000000    rw-
  20200000    20200000    0000000a   00000000    rw- .data
20207e00    20207e00    00000200   00000000    rw-
  20207e00    20207e00    00000200   00000000    rw- .stack


SECTION ALLOCATION MAP

 output                                  attributes/
section   page    origin      length       input sections
--------  ----  ----------  ----------   ----------------
.intvecs   0    00000000    000000c0     
                  00000000    000000c0     startup_mspm0g350x_ticlang.o (.intvecs)

.text      0    000000c0    00000310     
                  000000c0    000000cc     main.o (.text.main)
                  0000018c    0000009a     libc.a : memcpy16.S.obj (.text:memcpy)
                  00000226    00000002     startup_mspm0g350x_ticlang.o (.text.Default_Handler)
                  00000228    0000007c     libc.a : copy_decompress_lzss.c.obj (.text:decompress:lzss)
                  000002a4    00000040     ti_msp_dl_config.o (.text.SYSCFG_DL_SYSCTL_init)
                  000002e4    0000003c     libc.a : autoinit.c.obj (.text:__TI_auto_init_nobinit_nopinit)
                  00000320    0000002c     ti_msp_dl_config.o (.text.SYSCFG_DL_initPower)
                  0000034c    00000028     libc.a : boot_cortex_m.c.obj (.text:_c_int00_noargs)
                  00000374    00000012            : copy_decompress_none.c.obj (.text:decompress:none)
                  00000386    00000010     ti_msp_dl_config.o (.text.SYSCFG_DL_init)
                  00000396    00000002     ti_msp_dl_config.o (.text.SYSCFG_DL_GPIO_init)
                  00000398    00000010     main.o (.text.SysTick_Handler)
                  000003a8    0000000a     driverlib.a : dl_common.o (.text.DL_Common_delayCycles)
                  000003b2    00000002     --HOLE-- [fill = 0]
                  000003b4    00000008     libclang_rt.builtins.a : aeabi_memcpy.S.obj (.text.__aeabi_memcpy)
                  000003bc    00000006     libc.a : exit.c.obj (.text:abort)
                  000003c2    00000004     libsysbm.a : hostexit.c.obj (.text.HOSTexit)
                  000003c6    00000004     startup_mspm0g350x_ticlang.o (.text.Reset_Handler)
                  000003ca    00000004     libc.a : pre_init.c.obj (.text._system_pre_init)
                  000003ce    00000002     --HOLE-- [fill = 0]

.cinit     0    000003d0    00000018     
                  000003d0    00000008     (__TI_handler_table)
                  000003d8    00000007     (.cinit..data.load) [load image, compression = lzss]
                  000003df    00000001     --HOLE-- [fill = 0]
                  000003e0    00000008     (__TI_cinit_table)

.init_array 
*          0    00000000    00000000     UNINITIALIZED

.binit     0    00000000    00000000     

.data      0    20200000    0000000a     UNINITIALIZED
                  20200000    00000004     main.o (.data.erace_Bounce.change_time)
                  20200004    00000004     main.o (.data.system_ms)
                  20200008    00000001     main.o (.data.erace_Bounce.last_press)
                  20200009    00000001     main.o (.data.erace_Bounce.pressed)

.stack     0    20207e00    00000200     UNINITIALIZED
                  20207e00    00000004     libc.a : boot_cortex_m.c.obj (.stack)
                  20207e04    000001fc     --HOLE--

__llvm_prf_cnts 
*          0    20200000    00000000     UNINITIALIZED

__llvm_prf_bits 
*          0    20200000    00000000     UNINITIALIZED

MODULE SUMMARY

       Module                         code   ro data   rw data
       ------                         ----   -------   -------
    .\
       main.o                         220    0         10     
       startup_mspm0g350x_ticlang.o   6      192       0      
       ti_msp_dl_config.o             126    0         0      
    +--+------------------------------+------+---------+---------+
       Total:                         352    192       10     
                                                              
    C:/TI/mspm0_sdk_2_11_00_07/source/ti/driverlib/lib/ticlang/m0p/mspm0g1x0x_g3x0x/driverlib.a
       dl_common.o                    10     0         0      
    +--+------------------------------+------+---------+---------+
       Total:                         10     0         0      
                                                              
    D:\mps2.0\ccs\tools\compiler\ti-cgt-armllvm_4.0.3.LTS\lib\armv6m-ti-none-eabi/c/libc.a
       memcpy16.S.obj                 154    0         0      
       copy_decompress_lzss.c.obj     124    0         0      
       autoinit.c.obj                 60     0         0      
       boot_cortex_m.c.obj            40     0         0      
       copy_decompress_none.c.obj     18     0         0      
       exit.c.obj                     6      0         0      
       pre_init.c.obj                 4      0         0      
    +--+------------------------------+------+---------+---------+
       Total:                         406    0         0      
                                                              
    D:\mps2.0\ccs\tools\compiler\ti-cgt-armllvm_4.0.3.LTS\lib\armv6m-ti-none-eabi/c/libsysbm.a
       hostexit.c.obj                 4      0         0      
    +--+------------------------------+------+---------+---------+
       Total:                         4      0         0      
                                                              
    D:\mps2.0\ccs\tools\compiler\ti-cgt-armllvm_4.0.3.LTS\lib\armv6m-ti-none-eabi/libclang_rt.builtins.a
       aeabi_memcpy.S.obj             8      0         0      
    +--+------------------------------+------+---------+---------+
       Total:                         8      0         0      
                                                              
       Stack:                         0      0         512    
       Linker Generated:              0      23        0      
    +--+------------------------------+------+---------+---------+
       Grand Total:                   780    215       522    


LINKER GENERATED COPY TABLES

__TI_cinit_table @ 000003e0 records: 1, size/record: 8, table size: 8
	.data: load addr=000003d8, load size=00000007 bytes, run addr=20200000, run size=0000000a bytes, compression=lzss


LINKER GENERATED HANDLER TABLE

__TI_handler_table @ 000003d0 records: 2, size/record: 4, table size: 8
	index: 0, handler: __TI_decompress_lzss
	index: 1, handler: __TI_decompress_none


GLOBAL SYMBOLS: SORTED ALPHABETICALLY BY Name 

address   name                          
-------   ----                          
00000227  ADC0_IRQHandler               
00000227  ADC1_IRQHandler               
00000227  AES_IRQHandler                
000003c2  C$$EXIT                       
00000227  CANFD0_IRQHandler             
00000227  DAC0_IRQHandler               
000003a9  DL_Common_delayCycles         
00000227  DMA_IRQHandler                
00000227  Default_Handler               
00000227  GROUP0_IRQHandler             
00000227  GROUP1_IRQHandler             
000003c3  HOSTexit                      
00000227  HardFault_Handler             
00000227  I2C0_IRQHandler               
00000227  I2C1_IRQHandler               
00000227  NMI_Handler                   
00000227  PendSV_Handler                
00000227  RTC_IRQHandler                
000003c7  Reset_Handler                 
00000227  SPI0_IRQHandler               
00000227  SPI1_IRQHandler               
00000227  SVC_Handler                   
00000397  SYSCFG_DL_GPIO_init           
000002a5  SYSCFG_DL_SYSCTL_init         
00000387  SYSCFG_DL_init                
00000321  SYSCFG_DL_initPower           
00000399  SysTick_Handler               
00000227  TIMA0_IRQHandler              
00000227  TIMA1_IRQHandler              
00000227  TIMG0_IRQHandler              
00000227  TIMG12_IRQHandler             
00000227  TIMG6_IRQHandler              
00000227  TIMG7_IRQHandler              
00000227  TIMG8_IRQHandler              
00000227  UART0_IRQHandler              
00000227  UART1_IRQHandler              
00000227  UART2_IRQHandler              
00000227  UART3_IRQHandler              
20208000  __STACK_END                   
00000200  __STACK_SIZE                  
00000000  __TI_ATRegion0_region_sz      
00000000  __TI_ATRegion0_src_addr       
00000000  __TI_ATRegion0_trg_addr       
00000000  __TI_ATRegion1_region_sz      
00000000  __TI_ATRegion1_src_addr       
00000000  __TI_ATRegion1_trg_addr       
00000000  __TI_ATRegion2_region_sz      
00000000  __TI_ATRegion2_src_addr       
00000000  __TI_ATRegion2_trg_addr       
000003e0  __TI_CINIT_Base               
000003e8  __TI_CINIT_Limit              
000003e8  __TI_CINIT_Warm               
000003d0  __TI_Handler_Table_Base       
000003d8  __TI_Handler_Table_Limit      
000002e5  __TI_auto_init_nobinit_nopinit
00000229  __TI_decompress_lzss          
00000375  __TI_decompress_none          
ffffffff  __TI_pprof_out_hndl           
ffffffff  __TI_prof_data_size           
ffffffff  __TI_prof_data_start          
00000000  __TI_static_base__            
000003b5  __aeabi_memcpy                
000003b5  __aeabi_memcpy4               
000003b5  __aeabi_memcpy8               
ffffffff  __binit__                     
UNDEFED   __mpu_init                    
20207e00  __stack                       
20200000  __start___llvm_prf_bits       
20200000  __start___llvm_prf_cnts       
20200000  __stop___llvm_prf_bits        
20200000  __stop___llvm_prf_cnts        
0000034d  _c_int00_noargs               
UNDEFED   _system_post_cinit            
000003cb  _system_pre_init              
000003bd  abort                         
ffffffff  binit                         
00000000  interruptVectors              
000000c1  main                          
0000018d  memcpy                        
20200004  system_ms                     


GLOBAL SYMBOLS: SORTED BY Symbol Address 

address   name                          
-------   ----                          
00000000  __TI_ATRegion0_region_sz      
00000000  __TI_ATRegion0_src_addr       
00000000  __TI_ATRegion0_trg_addr       
00000000  __TI_ATRegion1_region_sz      
00000000  __TI_ATRegion1_src_addr       
00000000  __TI_ATRegion1_trg_addr       
00000000  __TI_ATRegion2_region_sz      
00000000  __TI_ATRegion2_src_addr       
00000000  __TI_ATRegion2_trg_addr       
00000000  __TI_static_base__            
00000000  interruptVectors              
000000c1  main                          
0000018d  memcpy                        
00000200  __STACK_SIZE                  
00000227  ADC0_IRQHandler               
00000227  ADC1_IRQHandler               
00000227  AES_IRQHandler                
00000227  CANFD0_IRQHandler             
00000227  DAC0_IRQHandler               
00000227  DMA_IRQHandler                
00000227  Default_Handler               
00000227  GROUP0_IRQHandler             
00000227  GROUP1_IRQHandler             
00000227  HardFault_Handler             
00000227  I2C0_IRQHandler               
00000227  I2C1_IRQHandler               
00000227  NMI_Handler                   
00000227  PendSV_Handler                
00000227  RTC_IRQHandler                
00000227  SPI0_IRQHandler               
00000227  SPI1_IRQHandler               
00000227  SVC_Handler                   
00000227  TIMA0_IRQHandler              
00000227  TIMA1_IRQHandler              
00000227  TIMG0_IRQHandler              
00000227  TIMG12_IRQHandler             
00000227  TIMG6_IRQHandler              
00000227  TIMG7_IRQHandler              
00000227  TIMG8_IRQHandler              
00000227  UART0_IRQHandler              
00000227  UART1_IRQHandler              
00000227  UART2_IRQHandler              
00000227  UART3_IRQHandler              
00000229  __TI_decompress_lzss          
000002a5  SYSCFG_DL_SYSCTL_init         
000002e5  __TI_auto_init_nobinit_nopinit
00000321  SYSCFG_DL_initPower           
0000034d  _c_int00_noargs               
00000375  __TI_decompress_none          
00000387  SYSCFG_DL_init                
00000397  SYSCFG_DL_GPIO_init           
00000399  SysTick_Handler               
000003a9  DL_Common_delayCycles         
000003b5  __aeabi_memcpy                
000003b5  __aeabi_memcpy4               
000003b5  __aeabi_memcpy8               
000003bd  abort                         
000003c2  C$$EXIT                       
000003c3  HOSTexit                      
000003c7  Reset_Handler                 
000003cb  _system_pre_init              
000003d0  __TI_Handler_Table_Base       
000003d8  __TI_Handler_Table_Limit      
000003e0  __TI_CINIT_Base               
000003e8  __TI_CINIT_Limit              
000003e8  __TI_CINIT_Warm               
20200000  __start___llvm_prf_bits       
20200000  __start___llvm_prf_cnts       
20200000  __stop___llvm_prf_bits        
20200000  __stop___llvm_prf_cnts        
20200004  system_ms                     
20207e00  __stack                       
20208000  __STACK_END                   
ffffffff  __TI_pprof_out_hndl           
ffffffff  __TI_prof_data_size           
ffffffff  __TI_prof_data_start          
ffffffff  __binit__                     
ffffffff  binit                         
UNDEFED   __mpu_init                    
UNDEFED   _system_post_cinit            

[80 symbols]
